[14:41:57] [main/INFO] (FabricLoader/GameProvider) Loading Minecraft 26.1.2 with Fabric Loader 0.19.5
[14:41:57] [main/INFO] (FabricLoader/Mappings) Mappings not present!
[14:41:58] [main/INFO] (FabricLoader) Loading 43 mods:
	- equinox 2.0.0
	- fabric-api 0.155.3+26.1.2
	- fabric-api-base 2.0.3+ece063234c
	- fabric-api-lookup-api-v1 2.0.12+d5a053b64c
	- fabric-biome-api-v1 18.0.5+2fa62b4e4c
	- fabric-block-api-v1 3.0.2+ec56b6014c
	- fabric-block-getter-api-v2 2.0.6+ec56b6014c
	- fabric-command-api-v2 3.0.5+e2bdee784c
	- fabric-content-registries-v0 11.3.1+af8a297c4c
	- fabric-convention-tags-v2 4.6.2+4f11f7994c
	- fabric-crash-report-info-v1 1.0.3+9f78a5a84c
	- fabric-creative-tab-api-v1 5.0.12+a981f2874c
	- fabric-data-attachment-api-v1 2.2.10+44a0bd1d4c
	- fabric-data-generation-api-v1 24.3.4+cda368334c
	- fabric-debug-api-v1 1.0.1+c792624d4c
	- fabric-dimensions-v1 5.1.7+ad343a8d4c
	- fabric-entity-events-v1 5.0.2+e2bdee784c
	- fabric-events-interaction-v0 5.2.3+07b380be4c
	- fabric-game-rule-api-v1 4.0.5+d871b99e4c
	- fabric-gametest-api-v1 4.0.18+867b87624c
	- fabric-item-api-v1 14.3.0+6d1aaa724c
	- fabric-lifecycle-events-v1 4.1.1+df84eb3d4c
	- fabric-loot-api-v3 3.0.12+00a1fba64c
	- fabric-menu-api-v1 2.0.15+d871b99e4c
	- fabric-message-api-v1 7.0.5+dae8ce3e4c
	- fabric-networking-api-v1 6.3.2+a217cccf4c
	- fabric-object-builder-api-v1 23.1.1+abb459f14c
	- fabric-particles-v1 5.0.16+b61fef434c
	- fabric-permission-api-v1 1.0.3+5730ecca4c
	- fabric-recipe-api-v1 9.0.17+be4b75ae4c
	- fabric-registry-sync-v0 7.1.1+2fa62b4e4c
	- fabric-rendering-fluids-v1 6.0.1+d871b99e4c
	- fabric-resource-conditions-api-v1 6.1.0+83dd0ba34c
	- fabric-resource-loader-v0 3.3.17+4fc5413f4c
	- fabric-resource-loader-v1 2.0.10+7c44c7324c
	- fabric-serialization-api-v1 2.0.3+11a26f314c
	- fabric-tag-api-v1 2.1.1+371cf5db4c
	- fabric-transfer-api-v1 8.0.6+357ea7334c
	- fabric-transitive-access-wideners-v1 8.1.3+3ff549fb4c
	- fabricloader 0.19.5
	- java 25
	- minecraft 26.1.2
	- mixinextras 0.5.5
[14:41:58] [main/INFO] (FabricLoader/Mixin) SpongePowered MIXIN Subsystem Version=0.8.7 Source=file:/home/spyder/.gradle/caches/modules-2/files-2.1/net.fabricmc/sponge-mixin/0.17.4+mixin.0.8.7/5f66cc9f59b8efaa942155a3d5a30599bf6640dd/sponge-mixin-0.17.4+mixin.0.8.7.jar Service=Knot/Fabric Env=SERVER
[14:41:58] [main/INFO] (FabricLoader/MixinExtras|Service) Initializing MixinExtras via com.llamalad7.mixinextras.service.MixinExtrasServiceImpl(version=0.5.5).
[14:42:03] [main/INFO] (Minecraft) [STDOUT]: [Equinox] Registered Equinox items: 5 armors, 15 enchantment books.
[14:42:03] [main/INFO] (Minecraft) [STDOUT]: [Equinox] =================================
[14:42:03] [main/INFO] (Minecraft) [STDOUT]: [Equinox] Equinox v2.0 (Fabric port)
[14:42:03] [main/INFO] (Minecraft) [STDOUT]: [Equinox] Legendary Mount System Enabled!
[14:42:03] [main/INFO] (Minecraft) [STDOUT]: [Equinox] Real Mount Chunk Recovery Enabled!
[14:42:03] [main/INFO] (Minecraft) [STDOUT]: [Equinox] Pegasus Flight System Enabled!
[14:42:03] [main/INFO] (Minecraft) [STDOUT]: [Equinox] =================================
[14:42:03] [main/INFO] (Minecraft) Environment: Environment[sessionHost=https://sessionserver.mojang.com, servicesHost=https://api.minecraftservices.com, profilesHost=https://api.mojang.com, name=PROD]
[14:42:04] [main/INFO] (Minecraft) Loaded 1516 recipes
[14:42:04] [main/INFO] (Minecraft) Loaded 1617 advancements
[14:42:04] [main/INFO] (BiomeModificationImpl) Applied 0 biome modifications to 0 of 65 new biomes in 850.0 μs
[14:42:04] [Server thread/INFO] (Minecraft) Starting minecraft server version 26.1.2
[14:42:04] [Server thread/INFO] (Minecraft) Loading properties
[14:42:04] [Server thread/INFO] (Minecraft) Default game type: SURVIVAL
[14:42:04] [Server thread/INFO] (Minecraft) Generating keypair
[14:42:04] [Server thread/INFO] (Minecraft) Starting Minecraft server on *:25565
[14:42:04] [Server thread/INFO] (Minecraft) Preparing level "world"
[14:42:05] [Server thread/INFO] (Minecraft) Loading 0 persistent chunks...
[14:42:05] [Server thread/INFO] (Minecraft) Preparing spawn area: 100%
[14:42:05] [Server thread/INFO] (Minecraft) Time elapsed: 88 ms
[14:42:05] [Server thread/INFO] (Minecraft) Done (0.403s)! For help, type "help"
[14:42:05] [Server thread/INFO] (Minecraft) Saving chunks for level 'ServerLevel[world]'/minecraft:overworld
[14:42:05] [Server thread/INFO] (Minecraft) Saving chunks for level 'ServerLevel[world]'/minecraft:the_end
[14:42:05] [Server thread/INFO] (Minecraft) Saving chunks for level 'ServerLevel[world]'/minecraft:the_nether
[14:42:05] [Server thread/INFO] (Minecraft) ThreadedAnvilChunkStorage (world): All chunks are saved
[14:42:05] [Server thread/INFO] (Minecraft) ThreadedAnvilChunkStorage (DIM1): All chunks are saved
[14:42:05] [Server thread/INFO] (Minecraft) ThreadedAnvilChunkStorage (DIM-1): All chunks are saved
[14:42:05] [Server thread/INFO] (Minecraft) ThreadedAnvilChunkStorage: All dimensions are saved
[14:42:10] [Server thread/INFO] (Minecraft) [STDOUT]: [Equinox] Loaded 0 Equinox mount(s).
[14:43:05] [Server thread/INFO] (Minecraft) Server empty for 60 seconds, pausing
